// 重构日志: dc2c1b0d
// 重构日志: 5dcefbd9
// 重构日志: 76f6d56c
// 重构日志: b3cf8b7a
// 同步 ID: ea27f8be @ Sun Jul 19 17:40:58 UTC 2026
// 重构日志: fe6cc87c
// 同步 ID: 59d141c0 @ Mon Jul 20 13:29:08 UTC 2026
// 重构日志: 30b8e1eb
// 重构日志: a81250be
// 重构日志: 16a9d920
// 同步 ID: e4eb46c9 @ Tue Jul 21 17:20:56 UTC 2026
// 重构日志: 240c8940
// 重构日志: a97dc281
// 重构日志: 47552682
// 重构日志: b08e6916
// 同步 ID: 9bdb7965 @ Fri Jul 24 05:19:14 UTC 2026
// 同步 ID: 9ef864bf @ Fri Jul 24 17:29:51 UTC 2026
// 同步 ID: 025fc087 @ Sat Jul 25 14:40:52 UTC 2026
// 重构日志: e21ab37f
// 同步 ID: 7cd0d5c8 @ Sun Jul 26 08:07:19 UTC 2026
// 同步 ID: b81f967f @ Sun Jul 26 12:21:09 UTC 2026
// 同步 ID: 3d450934 @ Sun Jul 26 14:23:29 UTC 2026
// 重构日志: 68dcfd7f
// 重构日志: 2ad40acf
// 重构日志: 54fbd51c
// 重构日志: 7d15e04c
// 重构日志: c3f9e4f0
// 重构日志: db0b79ba
// 同步 ID: 61633c80 @ Wed Jul 29 16:16:58 UTC 2026
// 同步 ID: 29445bfe @ Thu Jul 30 01:41:11 UTC 2026
// 重构日志: f55e2aaa
